// Jest Snapshot v1, https://goo.gl/fbAQLP

exports[`ProjenGraphQLCodegenProject should add ESLint config 1`] = `
Array [
  Object {
    "files": Array [
      ".projenrc.js",
    ],
    "rules": Object {
      "@typescript-eslint/no-require-imports": "off",
      "import/no-extraneous-dependencies": "off",
    },
  },
  Object {
    "extends": "plugin:@graphql-eslint/schema-all",
    "files": Array [
      "*.graphql",
    ],
  },
]
`;

exports[`ProjenGraphQLCodegenProject should add tasks 1`] = `
Object {
  "description": "Only compile",
  "name": "compile",
  "steps": Array [
    Object {
      "exec": "graphql-codegen",
    },
    Object {
      "exec": "tsc --build",
    },
  ],
}
`;

exports[`ProjenGraphQLCodegenProject should add tasks 2`] = `
Object {
  "description": "Watch & compile in the background",
  "name": "watch",
  "steps": Array [
    Object {
      "exec": "graphql-codegen --watch schema.graphql",
    },
    Object {
      "exec": "tsc --build -w",
    },
  ],
}
`;

exports[`ProjenGraphQLCodegenProject should create a generator config 1`] = `
"# ~~ Generated by projen. To modify, edit .projenrc.js and run \\"npx projen\\".

schema: schema.graphql
generates:
  ./src/types.ts:
    plugins:
      - typescript
    config:
      avoidOptionals: true
"
`;

exports[`ProjenGraphQLCodegenProject should generate an index.ts file 1`] = `"export * from './types'"`;
